                                TOTAL POPULATION                               1
                                              16:02 Thursday, September 30, 2010

                              Obs       TOTPOP

                               1     120846624.29
                                   AGGREGATES                                  2
                                              16:02 Thursday, September 30, 2010

Obs   TOTEX4      FOOD        FDHOME       FDAWAY       FDXMAP        FDMAP

 1  5.6509E12 838233498846 568818081268 269415417578 266206814807 3208602771.6

Obs    ALCBEV       HOUS      SHELT       OWNDWE        MRTINT        PROPTX

 1  41252454269  1.9188E12  1.2171E12  790561248328  434288037130  218664322155

Obs    MRPINS       RENDWE       RNTXRP       RNTAPY       OTHLOD       UTIL

 1  137608889043 344957667778 335377144418 9580523360.3 81575524440 440372315297

Obs    NTLGAS      ELCTRC       ALLFUL      FULOIL       OTHFLS       TELEPH

 1  58417316215 166363805394 17094381103 9256768731.3 7837612372.2 140394583357

Obs    WATRPS      HOUSOP       DOMSRV      DMSXCC      BBYDAY      OTHHEX

 1  58102229227 121809316405 79237487545 38354997508 40882490037 42571828860

Obs    HOUSEQ       TEXTIL      FURNTR      FLRCVR       MAJAPP      SMLAPP

 1  139515664210 10217548031 41235281785 3662818401.5 22811997884 7060370009.9

Obs    MISCEQ       APPAR       MENBOY      MENSIX      BOYFIF       WOMGRL

 1  54527648098 135622369204 31518161838 24133129654 7385032183.8 50063190737

Obs    WOMSIX     GRLFIF      CHLDRN       FOOTWR      OTHAPL       TRANS

 1  40653849872 9409340865 8563337491.7 17803104576 27674574562 895074885671

Obs    CARTKN       CARTKU       OTHVEH        GASMO       VEHFIN      MAINRP

 1  156755884629 157626399953 6700994354.9 240050233239 33959705717 82452140094

Obs    VEHINS       PUBTRA      VRNTLO      TRNTRP      TRNOTH       HEALTH

 1  106812053056 56805473937 53912000692 47165781977 9639691960.2 359253453650

Obs    HLTHIN       MEDSRV      PREDRG      MEDSUP      ENTERT       FEEADM

 1  215626067675 89413278114 43712304127 10501803734 286305008867 72755898645

Obs    TVRDIO       OTHEQP      PETTOY      OTHENT      PERSCA       READ

 1  115179257299 98369852923 53436392156 44933460767 36339392009 13170675432

Obs     EDUCA       TOBACC      MISCX4      CASHCO       PERINS       LIFINS

 1  122058702506 45636853712 89553578361 208228105628 661363185484 37345671020

Obs    RETPEN

 1  624020677767
                           ANNUAL AVERAGE EXPENDITURE                          3
                                              16:02 Thursday, September 30, 2010


    TOTAL POPULATION                                                120,846,624
    Total Expenditures                                                   46,761
      Food                                                                6,936
        Food At Home                                                      4,707
        Food Away From Home                                               2,229
          Food away excluding meals as pay                                2,203
          Meals as pay                                                       27
        Alcoholic beverages                                                 341
      Housing                                                            15,878
        Shelter                                                          10,071
          Owned dwellings                                                 6,542
            Mortgage interest                                             3,594
            Property taxes                                                1,809
            Maintenance, repairs, insurance, and other expense            1,139
          Rented dwellings                                                2,855
            Rent excluding rent as pay                                    2,775
            Rent as pay                                                      79
          Other lodging                                                     675
        Utilities, fuels and public services                              3,644
          Natural gas                                                       483
          Electricity                                                     1,377
          Fuel oil and other fuel                                           141
            Fuel oil                                                         77
            Other fuels                                                      65
          Telephone                                                       1,162
          Water and other public services                                   481
        Household operations                                              1,008
          Domestic Services                                                 656
            Domestic services excluding child care                          317
            Babysitting and day care                                        338
          Other household expenses                                          352
        Housefurnishings and equipment                                    1,154
          Household textiles                                                 85
          Furniture                                                         341
          Floor coverings                                                    30
          Major appliances                                                  189
          Small appliances and miscellaneous housewares                      58
          Miscellaneous household equipment                                 451
      Apparel and services                                                1,122
        Men and boys                                                        261
          Men, 16 and over                                                  200
          Boys, 2 to 15                                                      61
        Women and girls                                                     414
          Women, 16 and over                                                336
          Girls 2 to 15                                                      78
        Children under 2                                                     71
        Footwear                                                            147
        Other apparel products and services                                 229
      Transportation                                                      7,407
        Cars and trucks, new                                              1,297
        Cars and trucks, used                                             1,304
        Other vehicles                                                       55
        Gasoline and motor oil                                            1,986
        Vehicle finance charges                                             281
        Maintenance and repairs                                             682
                           ANNUAL AVERAGE EXPENDITURE                          4
                                              16:02 Thursday, September 30, 2010


        Vehicle insurance                                                   884
        Public transportation                                               470
        Vehicle rental, licenses, and other charges                         446
          Public transportation on trips                                    390
          Local public transportation, excluding on trips                    80
      Health care                                                         2,973
        Health insurance                                                  1,784
        Medical services                                                    740
        Prescription drugs and medical supplies                             362
        Medical supplies                                                     87
      Entertainment                                                       2,369
        Fees and admission                                                  602
        Television, radios, and sound equipment                             953
        Other equipment and services                                        814
        Pets, toys, and playground equipment                                442
        Other entertainment equipment and services                          372
      Personal care                                                         301
      Reading                                                               109
      Education                                                           1,010
      Tobacco and smoking supplies                                          378
      Miscellaneous                                                         741
      Cash contributions                                                  1,723
      Personal insurance and pensions                                     5,473
        Life and other personal insurance                                   309
        Retirement, pensions, and social security                         5,164
