                                TOTAL POPULATION                               2
                                                11:14 Thursday, October 15, 2009

                              Obs       TOTPOP

                               1     120770243.81
                                   AGGREGATES                                  3
                                                11:14 Thursday, October 15, 2009

Obs   TOTEX4      FOOD        FDHOME       FDAWAY       FDXMAP       FDMAP

 1  5.8125E12 860307746970 581494538065 278813208906 275278887672 3534321234

Obs    ALCBEV       HOUS      SHELT       OWNDWE        MRTINT        PROPTX

 1  39370224328  1.9384E12  1.2298E12  816393886965  462119925709  212741489973

Obs    MRPINS       RENDWE       RNTXRP       RNTAPY       OTHLOD       UTIL

 1  141532471283 329030992266 320148495654 8882496612.2 84408530071 440758774532

Obs    NTLGAS      ELCTRC       ALLFUL      FULOIL      OTHFLS       TELEPH

 1  64118578188 163526655882 23153075831 13905617379 9247458452.4 136089885706

Obs    WATRPS      HOUSOP       DOMSRV      DMSXCC      BBYDAY      OTHHEX

 1  53870578925 120640692284 80382134359 40969550002 39412584356 40258557925

Obs    HOUSEQ       TEXTIL      FURNTR      FLRCVR       MAJAPP     SMLAPP

 1  147126904894 11060335434 45681081647 5383455024.3 24357674890 6748925338

Obs    MISCEQ       APPAR       MENBOY      MENSIX      BOYFIF       WOMGRL

 1  53895432561 143356918056 33946912314 25867877323 8079034990.4 53116566757

Obs    WOMSIX      GRLFIF       CHLDRN       FOOTWR      OTHAPL     TRANS

 1  43318602780 9797963976.6 8699907401.6 18108527223 29485004361 1.0075E12

Obs    CARTKN       CARTKU       OTHVEH       GASMO       VEHFIN      MAINRP

 1  157600174230 158872183875 16225374517 327872374415 37716729769 83635225447

Obs    VEHINS       PUBTRA      VRNTLO      TRNTRP      TRNOTH       HEALTH

 1  107407510820 61422932076 56763504697 52426434401 8996497675.1 340095849296

Obs    HLTHIN       MEDSRV      PREDRG      MEDSUP      ENTERT       FEEADM

 1  199461152009 87636540930 42961503376 10036652981 295488791141 73305466590

Obs    TVRDIO       OTHEQP       PETTOY      OTHENT      PERSCA       READ

 1  118473707791 103709616760 52931909223 50777707537 36309897687 13975437248

Obs     EDUCA       TOBACC      MISCX4      CASHCO       PERINS       LIFINS

 1  120646060056 37845148717 94876537962 209721411248 674587830767 38264091567

Obs    RETPEN

 1  636324852646
                           ANNUAL AVERAGE EXPENDITURE                          4
                                                11:14 Thursday, October 15, 2009


    TOTAL POPULATION                                                120,770,244
    Total Expenditures                                                   48,128
      Food                                                                7,124
        Food At Home                                                      4,815
        Food Away From Home                                               2,309
          Food away excluding meals as pay                                2,279
          Meals as pay                                                       29
        Alcoholic beverages                                                 326
      Housing                                                            16,050
        Shelter                                                          10,183
          Owned dwellings                                                 6,760
            Mortgage interest                                             3,826
            Property taxes                                                1,762
            Maintenance, repairs, insurance, and other expense            1,172
          Rented dwellings                                                2,724
            Rent excluding rent as pay                                    2,651
            Rent as pay                                                      74
          Other lodging                                                     699
        Utilities, fuels and public services                              3,650
          Natural gas                                                       531
          Electricity                                                     1,354
          Fuel oil and other fuel                                           192
            Fuel oil                                                        115
            Other fuels                                                      77
          Telephone                                                       1,127
          Water and other public services                                   446
        Household operations                                                999
          Domestic Services                                                 666
            Domestic services excluding child care                          339
            Babysitting and day care                                        326
          Other household expenses                                          333
        Housefurnishings and equipment                                    1,218
          Household textiles                                                 92
          Furniture                                                         378
          Floor coverings                                                    45
          Major appliances                                                  202
          Small appliances and miscellaneous housewares                      56
          Miscellaneous household equipment                                 446
      Apparel and services                                                1,187
        Men and boys                                                        281
          Men, 16 and over                                                  214
          Boys, 2 to 15                                                      67
        Women and girls                                                     440
          Women, 16 and over                                                359
          Girls 2 to 15                                                      81
        Children under 2                                                     72
        Footwear                                                            150
        Other apparel products and services                                 244
      Transportation                                                      8,342
        Cars and trucks, new                                              1,305
        Cars and trucks, used                                             1,315
        Other vehicles                                                      134
        Gasoline and motor oil                                            2,715
        Vehicle finance charges                                             312
        Maintenance and repairs                                             693
                           ANNUAL AVERAGE EXPENDITURE                          5
                                                11:14 Thursday, October 15, 2009


        Vehicle insurance                                                   889
        Public transportation                                               509
        Vehicle rental, licenses, and other charges                         470
          Public transportation on trips                                    434
          Local public transportation, excluding on trips                    74
      Health care                                                         2,816
        Health insurance                                                  1,652
        Medical services                                                    726
        Prescription drugs and medical supplies                             356
        Medical supplies                                                     83
      Entertainment                                                       2,447
        Fees and admission                                                  607
        Television, radios, and sound equipment                             981
        Other equipment and services                                        859
        Pets, toys, and playground equipment                                438
        Other entertainment equipment and services                          420
      Personal care                                                         301
      Reading                                                               116
      Education                                                             999
      Tobacco and smoking supplies                                          313
      Miscellaneous                                                         786
      Cash contributions                                                  1,737
      Personal insurance and pensions                                     5,586
        Life and other personal insurance                                   317
        Retirement, pensions, and social security                         5,269
