                                TOTAL POPULATION                               3
                                                 11:50 Monday, February 11, 2008

                              Obs       TOTPOP

                               1     118842602.32
                                   AGGREGATES                                  4
                                                 11:50 Monday, February 11, 2008

Obs   TOTEX4      FOOD        FDHOME       FDAWAY       FDXMAP        FDMAP

 1  5.4549E12 713467942822 519444926230 194023016592 190793812901 3229203690.7

Obs    ALCBEV       HOUS      SHELT       OWNDWE        MRTINT        PROPTX

 1  45215768802  1.8306E12  1.1496E12  774231299211  445982207276  195830090685

Obs    MRPINS       RENDWE       RNTXRP       RNTAPY       OTHLOD       UTIL

 1  132419001250 307667838882 299472804204 8195034677.4 67687194245 403711648826

Obs    NTLGAS      ELCTRC       ALLFUL      FULOIL       OTHFLS       TELEPH

 1  60459723367 150440264028 16401302674 9821961873.4 6579340800.1 129181360848

Obs    WATRPS      HOUSOP       DOMSRV      DMSXCC      BBYDAY      OTHHEX

 1  47228997910 112175389852 78459599207 37379404469 41080194738 33715790645

Obs    HOUSEQ       TEXTIL      FURNTR      FLRCVR       MAJAPP      SMLAPP

 1  165158267194 12526367725 55051632475 5645383687.2 26284444352 7023202282.4

Obs    MISCEQ       APPAR       MENBOY      MENSIX      BOYFIF       WOMGRL

 1  58627236673 151277054365 36125951085 28080881841 8045069244.1 56748264632

Obs    WOMSIX       GRLFIF       CHLDRN        FOOTWR       OTHAPL      TRANS

 1  46269674055  10478590577  8145770390.8  18572756763  31684311495  1.0068E12

Obs    CARTKN       CARTKU       OTHVEH        GASMO       VEHFIN      MAINRP

 1  213692748998 186386515464 6460759737.8 264717441910 35392051315 77192782057

Obs    VEHINS       PUBTRA      VRNTLO      TRNTRP      TRNOTH       HEALTH

 1  105346201698 59937986102 57700197648 52062737566 7875248536.4 309558784998

Obs    HLTHIN       MEDSRV      PREDRG      MEDSUP       ENTERT       FEEADM

 1  174102386651 78755696567 46701357239 9999344540.7 270812292564 72032057616

Obs    TVRDIO       OTHEQP      PETTOY      OTHENT      PERSCA       READ

 1  106622860020 92157374929 41978743935 50178630994 33577388454 13876858158

Obs    EDUCA       TOBACC      MISCX4      CASHCO       PERINS       LIFINS

 1  99004393840 38589048824 92833934360 222096692778 627112621232 38283591926

Obs    RETPEN

 1  588831475231
                           ANNUAL AVERAGE EXPENDITURE                          5
                                                 11:50 Monday, February 11, 2008


    TOTAL POPULATION                                                118,842,602
    Total Expenditures                                                   45,900
      Food                                                                6,003
        Food At Home                                                      4,371
        Food Away From Home                                               1,633
          Food away excluding meals as pay                                1,605
          Meals as pay                                                       27
        Alcoholic beverages                                                 380
      Housing                                                            15,404
        Shelter                                                           9,673
          Owned dwellings                                                 6,515
            Mortgage interest                                             3,753
            Property taxes                                                1,648
            Maintenance, repairs, insurance, and other expense            1,114
          Rented dwellings                                                2,589
            Rent excluding rent as pay                                    2,520
            Rent as pay                                                      69
          Other lodging                                                     570
        Utilities, fuels and public services                              3,397
          Natural gas                                                       509
          Electricity                                                     1,266
          Fuel oil and other fuel                                           138
            Fuel oil                                                         83
            Other fuels                                                      55
          Telephone                                                       1,087
          Water and other public services                                   397
        Household operations                                                944
          Domestic Services                                                 660
            Domestic services excluding child care                          315
            Babysitting and day care                                        346
          Other household expenses                                          284
        Housefurnishings and equipment                                    1,390
          Household textiles                                                105
          Furniture                                                         463
          Floor coverings                                                    48
          Major appliances                                                  221
          Small appliances and miscellaneous housewares                      59
          Miscellaneous household equipment                                 493
      Apparel and services                                                1,273
        Men and boys                                                        304
          Men, 16 and over                                                  236
          Boys, 2 to 15                                                      68
        Women and girls                                                     478
          Women, 16 and over                                                389
          Girls 2 to 15                                                      88
        Children under 2                                                     69
        Footwear                                                            156
        Other apparel products and services                                 267
      Transportation                                                      8,472
        Cars and trucks, new                                              1,798
        Cars and trucks, used                                             1,568
        Other vehicles                                                       54
        Gasoline and motor oil                                            2,227
        Vehicle finance charges                                             298
        Maintenance and repairs                                             650
                           ANNUAL AVERAGE EXPENDITURE                          6
                                                 11:50 Monday, February 11, 2008


        Vehicle insurance                                                   886
        Public transportation                                               504
        Vehicle rental, licenses, and other charges                         486
          Public transportation on trips                                    438
          Local public transportation, excluding on trips                    66
      Health care                                                         2,605
        Health insurance                                                  1,465
        Medical services                                                    663
        Prescription drugs and medical supplies                             393
        Medical supplies                                                     84
      Entertainment                                                       2,279
        Fees and admission                                                  606
        Television, radios, and sound equipment                             897
        Other equipment and services                                        775
        Pets, toys, and playground equipment                                353
        Other entertainment equipment and services                          422
      Personal care                                                         283
      Reading                                                               117
      Education                                                             833
      Tobacco and smoking supplies                                          325
      Miscellaneous                                                         781
      Cash contributions                                                  1,869
      Personal insurance and pensions                                     5,277
        Life and other personal insurance                                   322
        Retirement, pensions, and social security                         4,955
